---
source: tests/construction_preprocess.rs
expression: response
---
Err(
    OperationsNotValid(
        [
            FeePayerAndSourceMismatch,
        ],
    ),
)
