---
source: tests/construction_submit.rs
expression: response
---
Err(
    TransactionSubmitDuplicate(
        "Transaction already in database",
    ),
)
