---
source: tests/construction_derive.rs
expression: response
---
Err(
    MalformedPublicKey(
        "Invalid length for hex",
    ),
)
