---
source: tests/construction_combine.rs
expression: response
---
Err(
    SignatureInvalid(
        "Expected 1 signature, found 0",
    ),
)
