---
source: tests/construction_metadata.rs
expression: response
---
Err(
    NoOptionsProvided,
)
