---
source: tests/construction_preprocess.rs
expression: response
---
Err(
    PublicKeyFormatNotValid(
        "Malformed public key: Checksum mismatch",
    ),
)
