---
source: tests/construction_parse.rs
expression: response
---
Err(
    MalformedPublicKey(
        "receiver",
    ),
)
