---
source: tests/construction_derive.rs
expression: response
---
Err(
    MalformedPublicKey(
        "Token_id too short",
    ),
)
