---
source: tests/construction_hash.rs
expression: response
---
Err(
    JsonParse(
        Some(
            "Signed transaction must have one of: payment, stake_delegation",
        ),
    ),
)
