---
source: tests/construction_combine.rs
expression: response
---
Err(
    SignatureInvalid(
        "Hex decoding failed: Invalid character 'Z' at position 0",
    ),
)
