---
source: tests/construction_metadata.rs
expression: response
---
Err(
    JsonParse(
        Some(
            "Field `receiver` missing",
        ),
    ),
)
