---
source: tests/network_list.rs
expression: "&response.network_identifiers"
---
[
    NetworkIdentifier {
        blockchain: "mina",
        network: "testnet",
        sub_network_identifier: None,
    },
]
